--------- beginning of /dev/log/main
I/BATT_ENR(  136): calculate_level: first calculation: batt_alg->dis_percent=750, batt_alg->percent_update=750
I/BATT_ENR(  136): calculate_level: first calculation: batt_alg->dis_volt=3854, batt_alg->first_current=-597, batt_alg->first_temp=420
I/BATT_ALG(  136): batt_alg_set_charging: set charging: 1
I/RescueStarter(  137): RescueStarter 7.0.446 starts
I/RescueStarter(  137): ready, waiting for connection
I/uim-sysfs: (  135): uim: Inside main
D/uim-sysfs: (  135): [GPS] uim htc_gps_init
D/EWdaemon(  150): Panasonic Sensor Fusion (daemon), Version:1.0.1.2
D/EWdaemon(  150): Copyright (c) 2011 all rights preserved by Prolific Technology Inc.
D/EWdaemon(  150): Now algorithm version : 120307 
D/EWdaemon(  150): dir_polar.acc = 6, 7   
D/EWdaemon(  150): dir_polar. mag= 6, 7   
D/EWdaemon(  150): dir_polar. gyro= 6, 2   
D/EWdaemon(  150): Sensor fusion libary start!
D/EWdaemon(  150): StartSignal
I/uim-sysfs: (  135): uim: Inside insmod
--------- beginning of /dev/log/system
I/BKOPSD  (  151): htcbkopsd started...
D/AK8975  (  149): AK8975 daemon 1.1.2-Save_power Start
D/AK8975  (  149): (Library version : 1.2.1.1125)
D/uim-sysfs: (  135): uim: Inserted st_drv module 1123v1
I/uim-sysfs: (  135): uim: Inside insmod
D/uim-sysfs: (  135): uim: Inserted fm_drv module
I/uim-sysfs: (  135): uim: Inside insmod
D/uim-sysfs: (  135): uim: Inserted gps_drv module
D/uim-sysfs: (  135): uim:FM V4L2 driver module un-available... 
D/uim-sysfs: (  135): uim:FM V4L2 driver built into the kernel ?
I/uim-sysfs: (  135): uim: Inside insmod
D/CANDaemon(  156): [CAND] [main] start v2
D/CANDaemon(  156): [CAND] [server_function] server_function is running.
D/CANDaemon(  156): 
D/Clockd  (  157): init success
D/Clockd  (  157): wating for client connection
D/CANDaemon(  156): [CAND] [monitor_cable_status_thread] ENTER FUNCTION
D/CANDaemon(  156): 
I/Vold    (  130): Vold 2.1 (the revenge) firing up
I/Vold    (  130): extra on mmcblk0p16
I/Netd    (  138): Netd 1.0 starting
D/Vold    (  130): Set handling read only 0
D/Vold    (  130): Volume sdcard state changing -1 (Initializing) -> 0 (No-Media)
E/NetlinkEvent(  130): NetlinkEvent::FindParam(): Parameter 'SWITCH_NAME' not found
E/NetlinkEvent(  130): NetlinkEvent::FindParam(): Parameter 'SWITCH_STATE' not found
E/NetlinkEvent(  130): NetlinkEvent::FindParam(): Parameter 'SWITCH_NAME' not found
E/NetlinkEvent(  130): NetlinkEvent::FindParam(): Parameter 'SWITCH_STATE' not found
E/NetlinkEvent(  130): NetlinkEvent::FindParam(): Parameter 'SWITCH_NAME' not found
E/NetlinkEvent(  130): NetlinkEvent::FindParam(): Parameter 'SWITCH_STATE' not found
E/NetlinkEvent(  130): NetlinkEvent::FindParam(): Parameter 'SWITCH_NAME' not found
E/NetlinkEvent(  130): NetlinkEvent::FindParam(): Parameter 'SWITCH_STATE' not found
E/NetlinkEvent(  130): NetlinkEvent::FindParam(): Parameter 'SWITCH_NAME' not found
E/NetlinkEvent(  130): NetlinkEvent::FindParam(): Parameter 'SWITCH_STATE' not found
E/NetlinkEvent(  130): NetlinkEvent::FindParam(): Parameter 'SWITCH_NAME' not found
E/NetlinkEvent(  130): NetlinkEvent::FindParam(): Parameter 'SWITCH_STATE' not found
E/NetlinkEvent(  130): NetlinkEvent::FindParam(): Parameter 'SWITCH_NAME' not found
E/NetlinkEvent(  130): NetlinkEvent::FindParam(): Parameter 'SWITCH_STATE' not found
E/NetlinkEvent(  130): NetlinkEvent::FindParam(): Parameter 'SWITCH_NAME' not found
E/NetlinkEvent(  130): NetlinkEvent::FindParam(): Parameter 'SWITCH_STATE' not found
E/NetlinkEvent(  130): NetlinkEvent::FindParam(): Parameter 'SWITCH_NAME' not found
E/NetlinkEvent(  130): NetlinkEvent::FindParam(): Parameter 'SWITCH_STATE' not found
W/VoldDirectVolume(  130): device name = mmcblk0
D/Vold    (  130): Volume sdcard state changing 0 (No-Media) -> 2 (Pending)
E/NetlinkEvent(  130): NetlinkEvent::FindParam(): Parameter 'SWITCH_NAME' not found
E/NetlinkEvent(  130): NetlinkEvent::FindParam(): Parameter 'SWITCH_STATE' not found
E/NetlinkEvent(  130): NetlinkEvent::FindParam(): Parameter 'SWITCH_NAME' not found
E/NetlinkEvent(  130): NetlinkEvent::FindParam(): Parameter 'SWITCH_STATE' not found
E/NetlinkEvent(  130): NetlinkEvent::FindParam(): Parameter 'SWITCH_NAME' not found
E/NetlinkEvent(  130): NetlinkEvent::FindParam(): Parameter 'SWITCH_STATE' not found
E/NetlinkEvent(  130): NetlinkEvent::FindParam(): Parameter 'SWITCH_NAME' not found
E/NetlinkEvent(  130): NetlinkEvent::FindParam(): Parameter 'SWITCH_STATE' not found
E/NetlinkEvent(  130): NetlinkEvent::FindParam(): Parameter 'SWITCH_NAME' not found
E/NetlinkEvent(  130): NetlinkEvent::FindParam(): Parameter 'SWITCH_STATE' not found
E/NetlinkEvent(  130): NetlinkEvent::FindParam(): Parameter 'SWITCH_NAME' not found
E/NetlinkEvent(  130): NetlinkEvent::FindParam(): Parameter 'SWITCH_STATE' not found
E/NetlinkEvent(  130): NetlinkEvent::FindParam(): Parameter 'SWITCH_NAME' not found
E/NetlinkEvent(  130): NetlinkEvent::FindParam(): Parameter 'SWITCH_STATE' not found
E/NetlinkEvent(  130): NetlinkEvent::FindParam(): Parameter 'SWITCH_NAME' not found
E/NetlinkEvent(  130): NetlinkEvent::FindParam(): Parameter 'SWITCH_STATE' not found
E/NetlinkEvent(  130): NetlinkEvent::FindParam(): Parameter 'SWITCH_NAME' not found
E/NetlinkEvent(  130): NetlinkEvent::FindParam(): Parameter 'SWITCH_STATE' not found
E/NetlinkEvent(  130): NetlinkEvent::FindParam(): Parameter 'SWITCH_NAME' not found
E/NetlinkEvent(  130): NetlinkEvent::FindParam(): Parameter 'SWITCH_STATE' not found
E/NetlinkEvent(  130): NetlinkEvent::FindParam(): Parameter 'SWITCH_NAME' not found
E/NetlinkEvent(  130): NetlinkEvent::FindParam(): Parameter 'SWITCH_STATE' not found
E/NetlinkEvent(  130): NetlinkEvent::FindParam(): Parameter 'SWITCH_NAME' not found
E/NetlinkEvent(  130): NetlinkEvent::FindParam(): Parameter 'SWITCH_STATE' not found
E/NetlinkEvent(  130): NetlinkEvent::FindParam(): Parameter 'SWITCH_NAME' not found
E/NetlinkEvent(  130): NetlinkEvent::FindParam(): Parameter 'SWITCH_STATE' not found
E/NetlinkEvent(  130): NetlinkEvent::FindParam(): Parameter 'SWITCH_NAME' not found
E/NetlinkEvent(  130): NetlinkEvent::FindParam(): Parameter 'SWITCH_STATE' not found
E/NetlinkEvent(  130): NetlinkEvent::FindParam(): Parameter 'SWITCH_NAME' not found
E/NetlinkEvent(  130): NetlinkEvent::FindParam(): Parameter 'SWITCH_STATE' not found
E/NetlinkEvent(  130): NetlinkEvent::FindParam(): Parameter 'SWITCH_NAME' not found
E/NetlinkEvent(  130): NetlinkEvent::FindParam(): Parameter 'SWITCH_STATE' not found
E/NetlinkEvent(  130): NetlinkEvent::FindParam(): Parameter 'SWITCH_NAME' not found
E/NetlinkEvent(  130): NetlinkEvent::FindParam(): Parameter 'SWITCH_STATE' not found
E/NetlinkEvent(  130): NetlinkEvent::FindParam(): Parameter 'SWITCH_NAME' not found
E/NetlinkEvent(  130): NetlinkEvent::FindParam(): Parameter 'SWITCH_STATE' not found
E/NetlinkEvent(  130): NetlinkEvent::FindParam(): Parameter 'SWITCH_NAME' not found
E/NetlinkEvent(  130): NetlinkEvent::FindParam(): Parameter 'SWITCH_STATE' not found
E/NetlinkEvent(  130): NetlinkEvent::FindParam(): Parameter 'SWITCH_NAME' not found
E/NetlinkEvent(  130): NetlinkEvent::FindParam(): Parameter 'SWITCH_STATE' not found
D/Vold    (  130): Volume sdcard state changing 2 (Pending) -> 1 (Idle-Unmounted)
I/DEBUG   (  139): debuggerd: Sep  7 2012 04:31:10
E/DxDrmNexPlayerIntegrator(  154): ** Discretix Server loaded config file - result=0 **
D/uim-sysfs: (  135): uim: Inserted bluetooth module
D/uim-sysfs: (  135): uim:l2cap module un-available... 
D/uim-sysfs: (  135): uim:l2cap built into the kernel ?
D/uim-sysfs: (  135): uim:sco module un-available... 
D/uim-sysfs: (  135): uim:sco built into the kernel ?
I/uim-sysfs: (  135): uim: Inside insmod
D/SoftapController(  138): startHostapd: wifi.HostapdStarted
D/uim-sysfs: (  135): uim: Inserted rfcomm module
I/uim-sysfs: (  135): uim: Inside insmod
D/uim-sysfs: (  135): uim: Inserted hidp module
I/uim-sysfs: (  135): uim: Inside insmod
D/uim-sysfs: (  135): uim: Inserted hidp module
I/uim-sysfs: (  135): uim: Inside insmod
D/uim-sysfs: (  135): uim: Inserted btwilink module
I/uim-sysfs: (  135): uim: Inside insmod
I/recovery(  183): Installing new recovery image 
D/SoftapController(  138): Set property wifi.HostapdStarted: 0 && set mApMode = false
D/uim-sysfs: (  135): uim: Inserted bnep module
I/        (  142): ServiceManager: 0x1a889a8
I/SurfaceFlinger(  140): SurfaceFlinger is starting
I/CPluginManagerLoader(  140): CPluginManagerLoader constructor.
D/AndroidRuntime(  141): 
D/AndroidRuntime(  141): >>>>>> AndroidRuntime START com.android.internal.os.ZygoteInit <<<<<<
D/AndroidRuntime(  141): CheckJNI is OFF
I/CHTCPluginManager(  140): CHTCPluginManager::CHTCPluginManager()
D/CPluginManagerLoader(  140): Load libhtcanipluginmanager.so OK
I/CPluginManagerLoader(  140): CPluginManagerLoader::init OK
I/CHTCPluginManager(  140): CHTCPluginManager::init
I/SurfaceFlinger(  140): SurfaceFlinger init done
I/SurfaceFlinger(  140): SurfaceFlinger's main thread ready to run. Initializing graphics H/W...
I/htcfs-main(  155): main()
I/htcfs-main(  155): ############# HTC FS - START ##################
I/dalvikvm(  141): mlock: /data/dalvik-cache/system@framework@core.jar@classes.dex, fd=8
I/dalvikvm(  141): mlock(1281830912, 3365960), fd=8
I/gralloc (  140): using (fd=15)
I/gralloc (  140): id           = tegra_fb
I/gralloc (  140): xres         = 720 px
I/gralloc (  140): yres         = 1280 px
I/gralloc (  140): xres_virtual = 720 px
I/gralloc (  140): yres_virtual = 2560 px
I/gralloc (  140): bpp          = 32
I/gralloc (  140): r            =  0:8
I/gralloc (  140): g            =  8:8
I/gralloc (  140): b            = 16:8
I/gralloc (  140): smem_start   = 0xbec00000
I/gralloc (  140): smem_len     = 0x00400000
I/gralloc (  140): format       = 1
I/gralloc (  140): stride       = 720
I/gralloc (  140): width        = 53 mm (345.056610 dpi)
I/gralloc (  140): height       = 95 mm (342.231567 dpi)
I/gralloc (  140): refresh rate = 60.00 Hz
E/DxDrmNexPlayerIntegrator(  154): ** Discretix SignalsListener Thread is starting **
E/DxSecureClock(  154): ** Discretix Clock Monitor is starting **
E/DxDrmNexPlayerIntegrator(  154): ** Discretix Server is starting **
D/libEGL  (  140): loaded /system/lib/egl/libEGL_tegra.so
D/HDMIDaemon(  212): readyToRun: success
D/HDMIDaemon(  212): readyToRun: success displayd
D/libEGL  (  140): loaded /system/lib/egl/libGLESv1_CM_tegra.so
I/        (  143): mediaserver main in
I/        (  143): after defaultServiceManager
I/        (  143): ServiceManager: 0x75a70
D/mcp_common_task(  152): [GPS] /system/bin/navl_server --android_log NAVD-p3 -nav"-c/system/bin/pathconfigfile.txt"
D/mcp_common_task(  152): [GPS] MCP | initializing sighandler
D/mcp_common_task(  152): [GPS] No such file or directory
D/mcp_common_task(  152): [GPS] MCP | main | starting...
D/mcp_common_task(  152): [GPS] Note: this task requires root priviledges
D/nav_main(  152): [GPS] Get maps file from /proc/152/maps and save to /data/tigps/logs/navl_server_maps.txt ver=1.00
I/NAVD-p3 (  152): MCP_MAIN((null)):pla_cmdParse_GeneralCmdLine: cmd line "/system/bin/navl_server --android_log NAVD-p3 -nav"-c/system/ (207@vendor/ti/gps/mcp/gps/MCP_Common/Platform/os/LINUX/common/pla_cmdParse.c)
I/NAVD-p3 (  152):  SERVER_MCPF((null)):***** MCP_Init: mcpf_create() SUCCESS! nav_str = -p3 -c/system/bin/pathconfigfile.txt ***** (167@vendor/ti/gps/mcp/gps/BL_1_3/NAVL_Server/nav_main.c)
I/NAVD-p3 (  152):  SERVER_NAVC((null)):NAVC_Create:cmdline agr: -p3 -c/system/bin/pathconfigfile.txt (134@vendor/ti/gps/mcp/gps/BL_1_3/NaviLink/NAVC/navc_main.c)
I/NAVD-p3 (  152):  SERVER_NAVC((null)):***** NAVC_Create() 2 ***** (136@vendor/ti/gps/mcp/gps/BL_1_3/NaviLink/NAVC/navc_main.c)
I/NAVD-p3 (  152):  SERVER_NAVC((null)):***** NAVC_Create() 3 ***** (145@vendor/ti/gps/mcp/gps/BL_1_3/NaviLink/NAVC/navc_main.c)
I/NAVD-p3 (  152):  SERVER_NAVC((null)):***** NAVC_Create() 4 ***** (157@vendor/ti/gps/mcp/gps/BL_1_3/NaviLink/NAVC/navc_main.c)
I/NAVD-p3 (  152):  SERVER_NAVC((null)):***** NAVC_Create() 5 ***** (167@vendor/ti/gps/mcp/gps/BL_1_3/NaviLink/NAVC/navc_main.c)
I/NAVD-p3 (  152):  SERVER_NAVC((null)):***** NAVC_Create() 6 ***** (179@vendor/ti/gps/mcp/gps/BL_1_3/NaviLink/NAVC/navc_main.c)
I/NAVD-p3 (  152):  SERVER_NAVC((null)):***** NAVC_Create() 7 ***** (192@vendor/ti/gps/mcp/gps/BL_1_3/NaviLink/NAVC/navc_main.c)
I/NAVD-p3 (  152):  SERVER_NAVC((null)):***** NAVC_Create() 8 ***** (205@vendor/ti/gps/mcp/gps/BL_1_3/NaviLink/NAVC/navc_main.c)
I/NAVD-p3 (  152):  SERVER_NAVC((null)):***** NAVC_Create() 9 ***** (219@vendor/ti/gps/mcp/gps/BL_1_3/NaviLink/NAVC/navc_main.c)
I/NAVD-p3 (  152):  SERVER_NAVC((null)):***** NAVC_Create() 10 ***** (235@vendor/ti/gps/mcp/gps/BL_1_3/NaviLink/NAVC/navc_main.c)
I/NAVD-p3 (  152):  SERVER_NAVC((null)):***** NAVC_Create() 11 ***** (269@vendor/ti/gps/mcp/gps/BL_1_3/NaviLink/NAVC/navc_main.c)
I/NAVD-p3 (  152):  SERVER_NAVC((null)):***** NAVC_Create() 12 ***** (279@vendor/ti/gps/mcp/gps/BL_1_3/NaviLink/NAVC/navc_main.c)
E/NAVD-p3 (  152):  SERVER_NAVC((null)):navcTime_init: gpsweek=1745,gpsmsec = 219025000, GPSSec = 1055595025  (122@vendor/ti/gps/mcp/gps/BL_1_3/NaviLink/NAVC/navc_time.c)
I/NAVD-p3 (  152):  SERVER_NAVC((null)):Control File: /system/bin/pathconfigfile.txt (289@vendor/ti/gps/mcp/gps/BL_1_3/NaviLink/NAVC/navc_main.c)
I/NAVD-p3 (  152):  SERVER_NAVC((null)):NavcSm: State=NULL   , Event=CREATE   (128@vendor/ti/gps/mcp/gps/BL_1_3/NaviLink/NAVC/navc_sm.c)
W/SRS_ProcPA(  143): Reading CFG - /system/etc/soundimage/srs_global.cfg
I/AudioFlinger(  143): createPCMInfoFile start
D/libEGL  (  140): loaded /system/lib/egl/libGLESv2_tegra.so
I/NAVD-p3 (  152):  SERVER_NAVC((null)):gpsc_parse_control_file (1115@vendor/ti/gps/mcp/gps/BL_1_3/NaviLink/NAVC/Core/gpsc_app_api.c)
I/NAVD-p3 (  152):  SERVER_NAVC((null)):gpsc_parse_control_file: opened control file - /system/bin/pathconfigfile.txt (1127@vendor/ti/gps/mcp/gps/BL_1_3/NaviLink/NAVC/Core/gpsc_app_api.c)
I/SurfaceFlinger(  140): EGL informations:
I/SurfaceFlinger(  140): # of configs : 50
I/SurfaceFlinger(  140): vendor    : Android
I/SurfaceFlinger(  140): version   : 1.4 Android META-EGL
I/SurfaceFlinger(  140): extensions: EGL_KHR_image EGL_KHR_image_base EGL_KHR_image_pixmap EGL_KHR_gl_texture_2D_image EGL_KHR_gl_texture_cubemap_image EGL_KHR_gl_renderbuffer_image EGL_KHR_fence_sync EGL_NV_system_time EGL_ANDROID_image_native_buffer 
I/SurfaceFlinger(  140): Client API: OpenGL ES
I/SurfaceFlinger(  140): EGLSurface: 8-8-8-8, config=0x3
I/SurfaceFlinger(  140): OpenGL informations:
I/SurfaceFlinger(  140): vendor    : NVIDIA Corporation
I/SurfaceFlinger(  140): renderer  : NVIDIA AP
I/SurfaceFlinger(  140): version   : OpenGL ES-CM 1.1
I/SurfaceFlinger(  140): extensions: GL_EXT_bgra GL_EXT_texture_compression_dxt1 GL_EXT_texture_compression_s3tc GL_EXT_texture_format_BGRA8888 GL_EXT_unpack_subimage GL_NV_texture_npot_2D_mipmap GL_OES_byte_coordinates GL_OES_compressed_ETC1_RGB8_texture GL_OES_compressed_paletted_texture GL_OES_draw_texture GL_OES_extended_matrix_palette GL_OES_EGL_image GL_OES_EGL_image_external GL_OES_EGL_sync GL_OES_fbo_render_mipmap GL_OES_fixed_point GL_OES_framebuffer_object GL_OES_matrix_get GL_OES_matrix_palette GL_OES_point_size_array GL_OES_point_sprite GL_OES_query_matrix GL_OES_read_format GL_OES_rgb8_rgba8 GL_OES_single_precision GL_OES_stencil8 GL_OES_texture_cube_map GL_OES_vertex_half_float 
I/SurfaceFlinger(  140): GL_MAX_TEXTURE_SIZE = 2048
I/SurfaceFlinger(  140): GL_MAX_VIEWPORT_DIMS = 3839 x 3839
I/SurfaceFlinger(  140): flags = 00000000
I/NAVD-p3 (  152):  SERVER_NAVC((null)):GPSC_CONFIG_FILE: /system/bin/GPSCConfigFile.cfg (1145@vendor/ti/gps/mcp/gps/BL_1_3/NaviLink/NAVC/Core/gpsc_app_api.c)
I/NAVD-p3 (  152):  SERVER_NAVC((null)):PATCH_FILE: /system/bin/patch-X.0.ce (1150@vendor/ti/gps/mcp/gps/BL_1_3/NaviLink/NAVC/Core/gpsc_app_api.c)
I/NAVD-p3 (  152):  SERVER_NAVC((null)):AIDING_PATH: /data/tigps/aiding/ (1155@vendor/ti/gps/mcp/gps/BL_1_3/NaviLink/NAVC/Core/gpsc_app_api.c)
I/NAVD-p3 (  152):  SERVER_NAVC((null)):SENSOR_NVM_PATH: /data/tigps/logs/ (1258@vendor/ti/gps/mcp/gps/BL_1_3/NaviLink/NAVC/Core/gpsc_app_api.c)
I/NAVD-p3 (  152):  SERVER_NAVC((null)):LOGGER_CONTROL: 0x0 (1173@vendor/ti/gps/mcp/gps/BL_1_3/NaviLink/NAVC/Core/gpsc_app_api.c)
I/NAVD-p3 (  152):  SERVER_NAVC((null)):gpsc_parse_control_file: closing path config file (1275@vendor/ti/gps/mcp/gps/BL_1_3/NaviLink/NAVC/Core/gpsc_app_api.c)
I/NAVD-p3 (  152):  SERVER_NAVC((null)):gpsc_parse_control_file: end (1280@vendor/ti/gps/mcp/gps/BL_1_3/NaviLink/NAVC/Core/gpsc_app_api.c)
I/NAVD-p3 (  152): MCP_HAL_FS((null)):MCP_HAL_FS_Open: opened /system/bin/GPSCConfigFile.cfg (306@vendor/ti/gps/mcp/gps/MCP_Common/Platform/os/LINUX/common/mcp_hal_fs.c)
I/NAVD-p3 (  152):  SERVER_NAVC((null)):Enter gpsc_app_init_req (1688@vendor/ti/gps/mcp/gps/BL_1_3/NaviLink/NAVC/Core/gpsc_app_api.c)
D/gpsc_msg(  152): gpsc_log_ctrl: LogMode: 0, Sensor: 2 Session: 7
I/NAVD-p3 (  152):  SERVER_NAVC((null)):GIS: gpsc_log_ctrl: LogMode: 0, Sensor: 2 Session: 7 (167@vendor/ti/gps/mcp/gps/BL_1_3/NaviLink/NAVC/Core/gpsc_msg.c)
D/nav_log_msg(  152): SessLog: nav_sess_log_init: navLogData: 40151e4c
D/gpsc_msg(  152): Created '/data/tigps/logs/ToSensor.dat' to log sensor data
D/gpsc_msg(  152): Created '/data/tigps/logs/FromSensor.dat' to log sensor data
D/gpsc_msg(  152): SW Ver: NaviLink_MCP2.6_RC1.9,   NaviLink Ver: Navilink_MCP2.6_BL1.9.3
D/gpsc_msg(  152): GPSC SM Status: Starting Init Sequence
D/gpsc_msg(  152): Sequence Start: INIT  
D/gpsc_msg(  152): gpsc_init_priority: setting supl and control plane priority 
D/gpsc_msg(  152): Navc_Set_Priority 
D/gpsc_msg(  152): Navc_PriorityTable_Search 
D/gpsc_msg(  152): Navc_Set_Priority 
D/gpsc_msg(  152): Navc_PriorityTable_Search 
D/gpsc_msg(  152): Navc_Set_Priority 
D/gpsc_msg(  152): Navc_PriorityTable_Search 
D/gpsc_msg(  152): Navc_Set_Priority 
D/gpsc_msg(  152): Navc_PriorityTable_Search 
D/gpsc_msg(  152): Navc_Set_Priority 
D/gpsc_msg(  152): Navc_PriorityTable_Search 
D/gpsc_msg(  152): Navc_Set_Priority 
D/gpsc_msg(  152): Navc_PriorityTable_Search 
D/gpsc_msg(  152): Navc_Set_Priority 
D/gpsc_msg(  152): Navc_PriorityTable_Search 
D/gpsc_msg(  152): Navc_Set_Priority 
D/gpsc_msg(  152): Navc_PriorityTable_Search 
D/gpsc_msg(  152): Navc_Set_Priority 
D/gpsc_msg(  152): Navc_PriorityTable_Search 
D/gpsc_msg(  152): Navc_Set_Priority 
D/gpsc_msg(  152): Navc_PriorityTable_Search 
D/gpsc_msg(  152): Navc_Set_Priority 
D/gpsc_msg(  152): Navc_PriorityTable_Search 
D/gpsc_msg(  152): Status: GPSC Initialised
D/nav_log_msg(  152): SessLog: nav_sess_log_init: navLogData: 40151e4c
D/suplc_main(  152): SUPL_Create: Entering. 
D/suplc_main(  152): suplcRegisterHandlers: Entering 
D/suplc_main(  152): suplcRegisterHandlers: Exiting Successfully 
D/suplc_main(  152):  suplcEnableMessageQueues: Entering 
D/suplc_main(  152):  suplcEnableMessageQueues: Exiting Successfully 
D/suplc_outEvt(  152):  SUPLC_registerAssistanceSource: Entering 
D/suplc_outEvt(  152):  suplcSendMessage: NAVC_CMD_REGISTER_ASSIST_SRC  
D/suplc_outEvt(  152):  suplcSendMessage: Entering 
D/suplc_outEvt(  152):  suplcSendMessage: Exiting Successfully 
D/suplc_outEvt(  152):  SUPLC_registerAssistanceSource: Exiting Successfully 
D/suplc_main(  152): SUPL_Create: Exiting Successfully 
D/mcp_hal_socket(  152): [HGPS] mcp_hal_socket_Accept ++ create server socket
I/NvAudioALSADevice(  143): NvAudioALSADevice constructor
I/HTC_Acoustic(  143): read pcbid: 128
D/HTC_Acoustic(  143): failed to open file /system/etc/AIC3008_REG_MFG.csv: No such file or directory (2).
I/HTC_Acoustic(  143): open /system/etc/AIC3008_REG_DualMic.csv success.
I/HTC_Acoustic(  143): loading CSV file: /system/etc/AIC3008_REG_DualMic.csv
I/HTC_Acoustic(  143): Codec dsp path: /system/etc/soundimage/CodecDSPID.txt
I/HTC_Acoustic(  143): open /system/etc/soundimage/CodecDSPID.txt success.
I/HTC_Acoustic(  143): Codec dsp mapping table version:  ENR_soundeffet_2012_0312
I/HTC_Acoustic(  143): open /system/etc/soundimage/Sound_BT_CarMode.txt success.
I/HTC_Acoustic(  143): (Phone_Default,/system/etc/soundimage/Sound_BT_CarMode.txt) with index 0
I/HTC_Acoustic(  143): open /system/etc/soundimage/Sound_Phone_Original_REC.txt success.
W/zipro   (  228): Unable to open zip '/system/etc/customer/bootanimation.zip': No such file or directory
D/HtcBootAnimation(  228): Get cid:HTCCN701
D/HtcBootAnimation(  228): filepath:/system/customize/CID/HTCCN701.xml
D/HtcBootAnimation(  228): Load /system/customize/CID/default.xml 
I/HTC_Acoustic(  143): (Phone_Receiver_Dualmic,/system/etc/soundimage/Sound_Phone_Original_REC.txt) with index 1
I/HTC_Acoustic(  143): open /system/etc/soundimage/Sound_Phone_Original_SPK.txt success.
W/zipro   (  228): Unable to open zip '/system/customize/resource/hTC_bootup_one.zip': No such file or directory
I/HTC_Acoustic(  143): (Phone_Speaker_Dualmic,/system/etc/soundimage/Sound_Phone_Original_SPK.txt) with index 2
I/HTC_Acoustic(  143): open /system/etc/soundimage/Sound_Phone_Original_HP.txt success.
E/HtcBootAnimation(  228): sqlite3_open error, sqlite result: 14, errno: 2, No such file or directory
D/libEGL  (  228): loaded /system/lib/egl/libEGL_tegra.so
D/libEGL  (  228): loaded /system/lib/egl/libGLESv1_CM_tegra.so
I/HTC_Acoustic(  143): (Phone_Headset,/system/etc/soundimage/Sound_Phone_Original_HP.txt) with index 3
I/HTC_Acoustic(  143): open /system/etc/soundimage/Sound_Phone_Original_REC.txt success.
D/libEGL  (  228): loaded /system/lib/egl/libGLESv2_tegra.so
D/HtcBootAnimation(  228): movie
D/HtcBootAnimation(  228): Parse the description file
I/HTC_Acoustic(  143): (Phone_HAC,/system/etc/soundimage/Sound_Phone_Original_REC.txt) with index 4
I/HTC_Acoustic(  143): open /system/etc/soundimage/Sound_Phone_Original_HP.txt success.
D/HtcBootAnimation(  228): play animation 0!
D/uim-sysfs: (  135): uim:found bluetooth rfkill entry @ 0
D/uim-sysfs: (  135): 
D/uim-sysfs: (  135): uim:changed permissions for /sys/class/rfkill/rfkill0/state(0) 
D/uim-sysfs: (  135): 
I/HTC_Acoustic(  143): (Phone_TTY,/system/etc/soundimage/Sound_Phone_Original_HP.txt) with index 5
I/HTC_Acoustic(  143): open /system/etc/soundimage/Sound_Phone_Original_BT.txt success.
I/HTC_Acoustic(  143): (Phone_BT,/system/etc/soundimage/Sound_Phone_Original_BT.txt) with index 6
I/HTC_Acoustic(  143): open /system/etc/soundimage/Sound_Phone_Original_DOCK.txt success.
I/HTC_Acoustic(  143): (Phone_Dock,/system/etc/soundimage/Sound_Phone_Original_DOCK.txt) with index 7
I/HTC_Acoustic(  143): open /system/etc/soundimage/Sound_Original_HP.txt success.
I/HTC_Acoustic(  143): (Playback_Default,/system/etc/soundimage/Sound_Original_HP.txt) with index 8
I/HTC_Acoustic(  143): open /system/etc/soundimage/Sound_Original_SPK.txt success.
I/HTC_Acoustic(  143): (Playback_Speaker_Default,/system/etc/soundimage/Sound_Original_SPK.txt) with index 9
D/HTC_Acoustic(  143): failed to open file /system/etc/soundimage/Sound_Original_HP_Generic.txt: No such file or directory (2).
E/HTC_Acoustic(  143): read AIC3008 para from file failed -1
D/HTC_Acoustic(  143): failed to open file /system/etc/soundimage/Sound_Original_HP_urBeats.txt: No such file or directory (2).
E/HTC_Acoustic(  143): read AIC3008 para from file failed -1
D/HTC_Acoustic(  143): failed to open file /system/etc/soundimage/Sound_Original_HP_Solo.txt: No such file or directory (2).
E/HTC_Acoustic(  143): read AIC3008 para from file failed -1
D/HTC_Acoustic(  143): failed to open file /system/etc/soundimage/Sound_Original_HP_Pro.txt: No such file or directory (2).
E/HTC_Acoustic(  143): read AIC3008 para from file failed -1
D/HTC_Acoustic(  143): failed to open file /system/etc/soundimage/Sound_Original_HP_Studio.txt: No such file or directory (2).
E/HTC_Acoustic(  143): read AIC3008 para from file failed -1
D/HTC_Acoustic(  143): failed to open file /system/etc/soundimage/Sound_Original_SPK_Beats.txt: No such file or directory (2).
E/HTC_Acoustic(  143): read AIC3008 para from file failed -1
I/HTC_Acoustic(  143): open /system/etc/soundimage/Sound_Original_DOCK.txt success.
I/HTC_Acoustic(  143): (Playback_Dock,/system/etc/soundimage/Sound_Original_DOCK.txt) with index 10
I/HTC_Acoustic(  143): open /system/etc/soundimage/Sound_Original_SPK_RING.txt success.
I/HTC_Acoustic(  143): (Playback_SPK_Ring,/system/etc/soundimage/Sound_Original_SPK_RING.txt) with index 11
I/HTC_Acoustic(  143): open /system/etc/soundimage/Sound_Original.txt success.
I/HTC_Acoustic(  143): (Record_Default,/system/etc/soundimage/Sound_Original.txt) with index 12
I/HTC_Acoustic(  143): open /system/etc/soundimage/Sound_Original_Recording.txt success.
I/HTC_Acoustic(  143): (Record_V_Mono,/system/etc/soundimage/Sound_Original_Recording.txt) with index 13
I/HTC_Acoustic(  143): open /system/etc/soundimage/Sound_Rec_Landscape.txt success.
I/HTC_Acoustic(  143): (Record_V_IMIC_Landscape_Stereo,/system/etc/soundimage/Sound_Rec_Landscape.txt) with index 14
I/HTC_Acoustic(  143): open /system/etc/soundimage/Sound_Rec_Portrait.txt success.
I/HTC_Acoustic(  143): (Record_V_IMIC_Portrait_Stereo,/system/etc/soundimage/Sound_Rec_Portrait.txt) with index 15
I/HTC_Acoustic(  143): open /system/etc/soundimage/Sound_Voice_Recording_AMR.txt success.
I/HTC_Acoustic(  143): (Record_A_VoiceRecoder_AMR,/system/etc/soundimage/Sound_Voice_Recording_AMR.txt) with index 16
I/HTC_Acoustic(  143): open /system/etc/soundimage/Sound_Original_Recording.txt success.
I/HTC_Acoustic(  143): (Record_A_VoiceRecoder_AAC,/system/etc/soundimage/Sound_Original_Recording.txt) with index 17
I/HTC_Acoustic(  143): open /system/etc/soundimage/Sound_Note_Recording.txt success.
I/HTC_Acoustic(  143): (Record_A_Note_Recording,/system/etc/soundimage/Sound_Note_Recording.txt) with index 18
I/HTC_Acoustic(  143): open /system/etc/soundimage/Sound_SpeakerVR_Recording.txt success.
I/HTC_Acoustic(  143): (Record_A_Speaker_VR,/system/etc/soundimage/Sound_SpeakerVR_Recording.txt) with index 19
I/HTC_Acoustic(  143): open /system/etc/soundimage/Sound_FM_HP.txt success.
I/HTC_Acoustic(  143): (FM_Headset,/system/etc/soundimage/Sound_FM_HP.txt) with index 20
I/HTC_Acoustic(  143): open /system/etc/soundimage/Sound_FM_SPK.txt success.
I/HTC_Acoustic(  143): (FM_Speaker,/system/etc/soundimage/Sound_FM_SPK.txt) with index 21
I/HTC_Acoustic(  143): open /system/etc/soundimage/Sound_Voip_Original_REC.txt success.
I/HTC_Acoustic(  143): (VOIP_Receiver,/system/etc/soundimage/Sound_Voip_Original_REC.txt) with index 22
I/HTC_Acoustic(  143): open /system/etc/soundimage/Sound_Voip_Original_SPK.txt success.
I/HTC_Acoustic(  143): (VOIP_Speaker,/system/etc/soundimage/Sound_Voip_Original_SPK.txt) with index 23
I/HTC_Acoustic(  143): open /system/etc/soundimage/Sound_Voip_Original_HP.txt success.
I/HTC_Acoustic(  143): (VOIP_Headset,/system/etc/soundimage/Sound_Voip_Original_HP.txt) with index 24
I/HTC_Acoustic(  143): open /system/etc/soundimage/Sound_Voip_Original_BT.txt success.
I/HTC_Acoustic(  143): (VOIP_BT,/system/etc/soundimage/Sound_Voip_Original_BT.txt) with index 25
I/HTC_Acoustic(  143): open /system/etc/soundimage/Sound_Voip_Original_REC_AEC.txt success.
I/HTC_Acoustic(  143): (VOIP_Receiver_HW_AEC,/system/etc/soundimage/Sound_Voip_Original_REC_AEC.txt) with index 26
I/HTC_Acoustic(  143): open /system/etc/soundimage/Sound_Voip_Original_SPK_AEC.txt success.
I/HTC_Acoustic(  143): (VOIP_Speaker_HW_AEC,/system/etc/soundimage/Sound_Voip_Original_SPK_AEC.txt) with index 27
I/HTC_Acoustic(  143): open /system/etc/soundimage/Sound_Voip_Original_HP_AEC.txt success.
I/HTC_Acoustic(  143): (VOIP_Headset_HW_AEC,/system/etc/soundimage/Sound_Voip_Original_HP_AEC.txt) with index 28
I/HTC_Acoustic(  143): open /system/etc/soundimage/Sound_Voip_Original_BT_AEC.txt success.
I/HTC_Acoustic(  143): (VOIP_BT_HW_AEC,/system/etc/soundimage/Sound_Voip_Original_BT_AEC.txt) with index 29
I/HTC_Acoustic(  143): htc_effect_mask = 0xfff038fe
I/NvAudioALSADevice(  143): Load set_call_volume_index success
I/NvAudioALSADevice(  143): Load set_bt_name_index success
I/NvAudioALSADevice(  143): Load init_path success
I/NvAudioALSADevice(  143): Load init_gain success
I/AudioFlinger(  143): Loaded primary audio interface from LEGACY Audio HW HAL (audio)
I/AudioFlinger(  143): Using 'LEGACY Audio HW HAL' (audio.primary) as the primary audio interface
I/SamplingProfilerIntegration(  141): Profiling disabled.
I/AudioFlinger(  143): Loaded a2dp audio interface from A2DP Audio HW HAL (audio)
I/NvAudioALSADevice(  143): NvAudioALSADevice::setMode(mode 0)
I/CameraService(  143): CameraService started (pid=143)
D/AudioFlinger(  143): registerClient() client 0x8c918, pid 143
D/AudioFlinger(  143): acquiring 1 from 143
I/Zygote  (  141): Preloading classes...
D/dalvikvm(  141): GC_EXPLICIT freed 45K, 73% free 556K/2048K, paused 0ms+0ms
D/dalvikvm(  141): GC_EXPLICIT freed 4K, 70% free 621K/2048K, paused 0ms+0ms
D/NvOsDebugPrintf(  143): NvxLiteH264DecoderInit : Opening TVMR H264 block 
D/NvOsDebugPrintf(  143): NvxLiteH264DecoderSecureInit : Opening TVMR H264 block 
D/AwesomePlayer(  143): Failed to open file, all profile flags have to set through setprop method.
I/AwesomePlayer(  143): setDataSource_l('/system/media/audio/ui/camera_click.ogg')
I/MP3Extractor(  143): 4851 bytes less then 128KB
I/AACExtractor(  143): 4851 bytes less then 128KB
V/AACExtractor(  143): cachedDataRemaining = 4851
V/AACExtractor(  143): kMaxBytesChecked = 4851
V/AACExtractor(  143): L=655, may not be AAC content
W/MediaPlayer(  143): info/warning (1, 902)
D/AudioFlinger(  143): acquiring 2 from 143
D/AwesomePlayer(  143): Failed to open file, all profile flags have to set through setprop method.
I/AwesomePlayer(  143): setDataSource_l('/system/media/audio/ui/VideoRecord.ogg')
I/MP3Extractor(  143): 5582 bytes less then 128KB
I/AACExtractor(  143): 5582 bytes less then 128KB
V/AACExtractor(  143): cachedDataRemaining = 5582
V/AACExtractor(  143): kMaxBytesChecked = 5582
V/AACExtractor(  143): L=655, may not be AAC content
W/MediaPlayer(  143): info/warning (1, 902)
D/dalvikvm(  141): GC_EXPLICIT freed 13K, 68% free 665K/2048K, paused 2ms+0ms
D/NvOmxCameraSettingsParser(  143): NvOmxCameraSettingsParser constructor
I/NvOmxCamera(  143): NvOmxCamera mCurrSensorId = 0 
D/NvOmxCamera(  143): [CAM] [Calibration] +++ start write camera calibration data from WDM +++
E/STT:mtd_quo(  143): mtd_open(): cannot find MTD partition [WDM]!
D/STT:emmc_quo(  143): found emmc partition [WDM]=[mmcblk0p2]
E/STT:emmc_quo(  143): emmc_open(): /dev/block/mmcblk0p2: Permission denied
E/STT:partition_quo(  143): partition_open(): cannot find partition [WDM]!
E/NvOmxCamera(  143): [CAM] [Calibration] open file ["WDM"] failed, errno = 13 (Permission denied)
D/NvOsDebugPrintf(  143): NvCameraSyncPointThread is created.
D/dalvikvm(  141): Note: class Lcom/android/internal/telephony/IHtcTelephony$Stub; has 162 unimplemented (abstract) methods
D/OLAWORK (  143): create OlaEngine
D/dalvikvm(  141): GC_EXPLICIT freed 11K, 66% free 706K/2048K, paused 1ms+1ms
D/OLAWORK (  143): create Ola FD
D/NvOsDebugPrintf(  143): NvOmxCamera::NvOmxHtcHalThread ++
D/OLAWORK (  143): create OlaEngine2
D/dalvikvm(  141): GC_EXPLICIT freed 29K, 65% free 733K/2048K, paused 1ms+0ms
I/NvAudioALSA(  143): NvAudioALSADevOpen: PLAYBACK hDev = 0x8c278 : devices 0x2 in mode 0, streamtype 0, isVoiceCallDevice=F
I/NvAudioALSA(  143): Initialized ALSA PLAYBACK alsaDevName= music , hDev->alsaDevName= music
I/NvAudioALSA(  143): NvAudioALSADevRoute : hDev=0x8c278 curDev=0x80000, devices=0x2, curMode=0, mode=0, curDsp=-1, Ori_up=-1, Ori_down=-1
D/HTC_Acoustic(  143): get_dsp_image_index : HTC_CODEC_DSP_ENDPOINT[13].index = 9
D/HTC_Acoustic(  143): get_dsp_image_name : HTC_CODEC_DSP_ENDPOINT[13].name = Playback_Speaker_Default
I/NvAudioALSA(  143): Config AIC3008 DSP : 9 (Playback_Speaker_Default)
D/OLAWORK (  143): create Ola FD2
D/OLAWORK (  143): create Ola SD
D/OLAWORK (  143): create Ola BD
I/NvAudioALSA(  143): Pcm Playback Route : 10
D/AudioMixer(  143): checkBeatsHeadset: 0
I/AudioMixer(  143): BeatsBass_applyPara
D/AudioMixer(  143): size of systemcfg 9224
D/AudioMixer(  143): size of parameqstruct 27940
D/AudioMixer(  143): size of complimstruct 49376
D/AudioMixer(  143): size of bstructLR 77984
D/AudioMixer(  143): Beats Effect: config frame 16
D/AudioMixer(  143): Load file /system/etc/peqimage_gec.bin filesize 132 paramsize 27940 fsize_read 132
D/AudioMixer(  143): Load file /system/etc/dynimage_gec.bin filesize 160 paramsize 49376 fsize_read 160
D/AudioMixer(  143): Load file /system/etc/basimage_gec.bin filesize 256 paramsize 77984 fsize_read 256
D/AudioFlinger(  143): openOutput() created mixer output: ID 3 thread 0x2daad0
D/AudioFlinger(  143): PlaybackThread::audioConfigChanged_l, thread 0x2daad0, event 0, param 0
D/AudioFlinger(  143): setParameters(): io 3, keyvalue routing=2, tid 266, calling tid 143
I/AudioFlinger(  143): createPCMInfoFile start
I/AudioFlinger(  143): AudioFlinger's thread 0x2daad0 ready to run
W/AudioFlinger(  143): Thread AudioOut_3 cannot connect to the power manager service
I/NvAudioALSA(  143): setParameters() getCurrentState,Downlink
I/NvAudioALSARenderer(  143): Needless to clean buffer.
I/NvAudioALSA(  143): NvAudioALSADevRoute : hDev=0x8c278 curDev=0x2, devices=0x2, curMode=0, mode=0, curDsp=13, Ori_up=-1, Ori_down=10
D/HTC_Acoustic(  143): get_dsp_image_index : HTC_CODEC_DSP_ENDPOINT[13].index = 9
D/HTC_Acoustic(  143): get_dsp_image_name : HTC_CODEC_DSP_ENDPOINT[13].name = Playback_Speaker_Default
I/NvAudioALSA(  143): Config AIC3008 DSP : 9 (Playback_Speaker_Default)
I/NvAudioALSA(  143): Pcm Playback Route : 10
I/AudioPolicyService(  143): Loaded audio policy from LEGACY Audio Policy HAL (audio_policy)
I/NvAudioALSA(  143): NvAudioALSADevClose: PLAYBACK hDev = 0x8c278 : curDev 0x2, curMode 0, streamtype 0, isVoiceCallDevice=F hDev->alsaDevName=music, Ori_up=-1, Ori_down=10
I/NvAudioALSA(  143): UPLINK_PATH_OFF + DOWNLINK_PATH_OFF
D/NvOsDebugPrintf(  143): NvMMLiteBlockCreate : Block : BlockType = 1 
D/NvOsDebugPrintf(  143): NvMMLiteJPEGEncGetBufferRequirements : BufferSize 6005760
D/dalvikvm(  141): GC_EXPLICIT freed 15K, 63% free 773K/2048K, paused 0ms+0ms
D/CursorWindowStats(  141): Get CursorWindow size from framework resource:2097152
D/ProfileConfig(  141): sharekey: reading property:ro.htc.sharekey.spkg.1.2 ,value:
D/ProfileConfig(  141): sharekey reading orig property: ro.htc.sharekey.spkg, value: 
D/ProfileConfig(  141): sharekey: reading property:ro.htc.sharekey.sact.1.2 ,value:
D/ProfileConfig(  141): sharekey reading orig property: ro.htc.sharekey.sact, value: 
D/ProfileConfig(  141): sharekey: reading property:ro.htc.sharekey.sint.1.2 ,value:
D/ProfileConfig(  141): sharekey reading orig property: ro.htc.sharekey.sint, value: 
D/ProfileConfig(  141): share key short press:get default intent - package:com.sina.mfweibo, activity:com.sina.mfweibo.EditActivity, action:
D/ProfileConfig(  141): sharekey: reading property:ro.htc.sharekey.lpkg.1.2 ,value:
D/ProfileConfig(  141): sharekey reading orig property: ro.htc.sharekey.lpkg, value: 
D/ProfileConfig(  141): sharekey: reading property:ro.htc.sharekey.lact.1.2 ,value:
D/ProfileConfig(  141): sharekey reading orig property: ro.htc.sharekey.lact, value: 
D/ProfileConfig(  141): sharekey: reading property:ro.htc.sharekey.lint.1.2 ,value:
D/ProfileConfig(  141): sharekey reading orig property: ro.htc.sharekey.lint, value: 
D/ProfileConfig(  141): share key long press:get default intent - package:com.sina.mfweibo, activitycom.sina.mfweibo.LookAroundListActivity, action:
D/dalvikvm(  141): GC_EXPLICIT freed 30K, 62% free 798K/2048K, paused 0ms+0ms
W/Zygote  (  141): Class not found for preloading: android.graphics.Bitmap$2
D/dalvikvm(  141): GC_EXPLICIT freed 31K, 60% free 831K/2048K, paused 1ms+1ms
D/TextLayoutCache(  141): Using debug level: 0 - Debug Enabled: 0
W/Zygote  (  141): Class not found for preloading: android.media.AudioManager$2
I/dalvikvm(  141): threadid=1: recursive native library load attempt (/system/lib/libmedia_jni.so)
D/MtpDeviceJNI(  141): register_android_mtp_MtpDevice
I/dalvikvm(  141): threadid=1: recursive native library load attempt (/system/lib/libmedia_jni.so)
I/dalvikvm(  141): threadid=1: recursive native library load attempt (/system/lib/libmedia_jni.so)
I/dalvikvm(  141): threadid=1: recursive native library load attempt (/system/lib/libmedia_jni.so)
D/dalvikvm(  141): GC_EXPLICIT freed 12K, 57% free 897K/2048K, paused 1ms+0ms
W/Zygote  (  141): Class not found for preloading: android.media.IRemoteControlClientDispatcher
W/Zygote  (  141): Class not found for preloading: android.media.IRemoteControlClientDispatcher$Stub
D/dalvikvm(  141): GC_EXPLICIT freed 12K, 54% free 947K/2048K, paused 1ms+1ms
D/dalvikvm(  141): GC_EXPLICIT freed 258K, 38% free 1285K/2048K, paused 0ms+1ms
D/dalvikvm(  141): GC_EXPLICIT freed 28K, 36% free 1313K/2048K, paused 0ms+1ms
D/dalvikvm(  141): GC_EXPLICIT freed 8K, 33% free 1374K/2048K, paused 1ms+1ms
D/HtcBootAnimation(  228): play animation 1!
D/dalvikvm(  141): GC_EXPLICIT freed 21K, 31% free 1420K/2048K, paused 0ms+17ms
D/dalvikvm(  141): GC_EXPLICIT freed 25K, 16% free 1721K/2048K, paused 0ms+1ms
W/Zygote  (  141): Class not found for preloading: android.text.TextDirectionHeuristics$CharCount
W/Zygote  (  141): Class not found for preloading: android.text.method.WordIterator$1
D/dalvikvm(  141): GC_EXPLICIT freed 35K, 15% free 1749K/2048K, paused 1ms+1ms
D/dalvikvm(  141): GC_EXPLICIT freed 35K, 14% free 1774K/2048K, paused 1ms+1ms
I/dalvikvm(  141): threadid=1: recursive native library load attempt (/system/lib/libwebcore.so)
D/dalvikvm(  141): No JNI_OnLoad found in /system/lib/libchromium_net.so 0x0, skipping init
I/dalvikvm(  141): threadid=1: recursive native library load attempt (/system/lib/libwebcore.so)
D/dalvikvm(  141): GC_EXPLICIT freed 24K, 11% free 1841K/2048K, paused 1ms+14ms
W/Zygote  (  141): Class not found for preloading: android.widget.EdgeGlow
D/dalvikvm(  141): GC_EXPLICIT freed 22K, 9% free 1871K/2048K, paused 1ms+1ms
D/dalvikvm(  141): GC_EXPLICIT freed 74K, 7% free 1915K/2048K, paused 1ms+28ms
E/PhonePolicy(  141): Could not preload class for phone policy: com.android.internal.policy.impl.PhoneWindow$ContextMenuCallback
D/dalvikvm(  141): GC_EXPLICIT freed 28K, 6% free 1940K/2048K, paused 1ms+1ms
D/dalvikvm(  141): GC_EXPLICIT freed 33K, 4% free 1973K/2048K, paused 1ms+1ms
D/dalvikvm(  141): GC_EXPLICIT freed 26K, 3% free 2003K/2048K, paused 1ms+1ms
D/dalvikvm(  141): GC_EXPLICIT freed 33K, 4% free 2034K/2115K, paused 1ms+1ms
D/dalvikvm(  141): GC_EXPLICIT freed 35K, 3% free 2055K/2115K, paused 1ms+1ms
D/dalvikvm(  141): GC_EXPLICIT freed 66K, 4% free 2108K/2179K, paused 1ms+1ms
D/dalvikvm(  141): GC_EXPLICIT freed 41K, 3% free 2121K/2179K, paused 1ms+1ms
I/System  (  141): Loaded time zone names for  in 639ms (636ms in ICU)
I/System  (  141): Loaded time zone names for en_US in 309ms (306ms in ICU)
I/System  (  141): Loaded time zone names for zh_CN in 189ms (186ms in ICU)
D/dalvikvm(  141): GC_EXPLICIT freed 476K, 19% free 2290K/2819K, paused 1ms+2ms
D/dalvikvm(  141): GC_EXPLICIT freed 16K, 17% free 2353K/2819K, paused 1ms+1ms
D/dalvikvm(  141): GC_EXPLICIT freed 51K, 16% free 2384K/2819K, paused 1ms+2ms
D/dalvikvm(  141): GC_EXPLICIT freed 28K, 15% free 2416K/2819K, paused 1ms+1ms
D/dalvikvm(  141): GC_EXPLICIT freed 38K, 14% free 2432K/2819K, paused 1ms+2ms
D/dalvikvm(  141): GC_EXPLICIT freed 32K, 13% free 2455K/2819K, paused 1ms+1ms
I/Zygote  (  141): ...preloaded 2296 classes in 5208ms.
D/dalvikvm(  141): GC_EXPLICIT freed 23K, 13% free 2458K/2819K, paused 2ms+1ms
I/Zygote  (  141): Preloading resources...
W/Zygote  (  141): Preloaded drawable resource #0x10804d7 (res/drawable-xhdpi/spinner_black_16.png) that varies with configuration!!
W/Zygote  (  141): Preloaded drawable resource #0x10804d8 (res/drawable-xhdpi/spinner_black_20.png) that varies with configuration!!
W/Zygote  (  141): Preloaded drawable resource #0x10804d9 (res/drawable-xhdpi/spinner_black_48.png) that varies with configuration!!
W/Zygote  (  141): Preloaded drawable resource #0x10804da (res/drawable-xhdpi/spinner_black_76.png) that varies with configuration!!
W/Zygote  (  141): Preloaded drawable resource #0x10804e8 (res/drawable-xhdpi/spinner_white_16.png) that varies with configuration!!
W/Zygote  (  141): Preloaded drawable resource #0x10804e9 (res/drawable-xhdpi/spinner_white_48.png) that varies with configuration!!
W/Zygote  (  141): Preloaded drawable resource #0x10804ea (res/drawable-xhdpi/spinner_white_76.png) that varies with configuration!!
W/Zygote  (  141): Preloaded drawable resource #0x1080096 (res/drawable-xhdpi/toast_frame.9.png) that varies with configuration!!
W/Zygote  (  141): Preloaded drawable resource #0x10805ce (res/drawable-xhdpi/toast_frame_holo.9.png) that varies with configuration!!
W/Zygote  (  141): Preloaded drawable resource #0x1080106 (res/drawable-xhdpi/btn_check_on_selected.png) that varies with configuration!!
W/Zygote  (  141): Preloaded drawable resource #0x1080105 (res/drawable-xhdpi/btn_check_on_pressed_holo_light.png) that varies with configuration!!
W/Zygote  (  141): Preloaded drawable resource #0x1080104 (res/drawable-xhdpi/btn_check_on_pressed_holo_dark.png) that varies with configuration!!
W/Zygote  (  141): Preloaded drawable resource #0x1080103 (res/drawable-xhdpi/btn_check_on_pressed.png) that varies with configuration!!
W/Zygote  (  141): Preloaded drawable resource #0x1080102 (res/drawable-xhdpi/btn_check_on_holo_light.png) that varies with configuration!!
W/Zygote  (  141): Preloaded drawable resource #0x1080101 (res/drawable-xhdpi/btn_check_on_holo_dark.png) that varies with configuration!!
W/Zygote  (  141): Preloaded drawable resource #0x10800ff (res/drawable-xhdpi/btn_check_on_focused_holo_light.png) that varies with configuration!!
W/Zygote  (  141): Preloaded drawable resource #0x10800fe (res/drawable-xhdpi/btn_check_on_focused_holo_dark.png) that varies with configuration!!
D/dalvikvm(  141): GC_EXPLICIT freed 29K, 12% free 2483K/2819K, paused 1ms+1ms
W/Zygote  (  141): Preloaded drawable resource #0x10800fd (res/drawable-xhdpi/btn_check_on_disabled_holo_light.png) that varies with configuration!!
W/Zygote  (  141): Preloaded drawable resource #0x10800fc (res/drawable-xhdpi/btn_check_on_disabled_holo_dark.png) that varies with configuration!!
W/Zygote  (  141): Preloaded drawable resource #0x10800fb (res/drawable-xhdpi/btn_check_on_disabled_focused_holo_light.png) that varies with configuration!!
W/Zygote  (  141): Preloaded drawable resource #0x10800fa (res/drawable-xhdpi/btn_check_on_disabled_focused_holo_dark.png) that varies with configuration!!
W/Zygote  (  141): Preloaded drawable resource #0x10800f6 (res/drawable-xhdpi/btn_check_on_disable_focused.png) that varies with configuration!!
W/Zygote  (  141): Preloaded drawable resource #0x10800f5 (res/drawable-xhdpi/btn_check_on_disable.png) that varies with configuration!!
W/Zygote  (  141): Preloaded drawable resource #0x10800f4 (res/drawable-xhdpi/btn_check_on.png) that varies with configuration!!
W/Zygote  (  141): Preloaded drawable resource #0x10800f3 (res/drawable-xhdpi/btn_check_off_selected.png) that varies with configuration!!
W/Zygote  (  141): Preloaded drawable resource #0x10800f2 (res/drawable-xhdpi/btn_check_off_pressed_holo_light.png) that varies with configuration!!
W/Zygote  (  141): Preloaded drawable resource #0x10800f1 (res/drawable-xhdpi/btn_check_off_pressed_holo_dark.png) that varies with configuration!!
W/Zygote  (  141): Preloaded drawable resource #0x10800f0 (res/drawable-xhdpi/btn_check_off_pressed.png) that varies with configuration!!
W/Zygote  (  141): Preloaded drawable resource #0x10800ed (res/drawable-xhdpi/btn_check_off_holo_light.png) that varies with configuration!!
W/Zygote  (  141): Preloaded drawable resource #0x10800ec (res/drawable-xhdpi/btn_check_off_holo_dark.png) that varies with configuration!!
W/Zygote  (  141): Preloaded drawable resource #0x10800ea (res/drawable-xhdpi/btn_check_off_focused_holo_light.png) that varies with configuration!!
W/Zygote  (  141): Preloaded drawable resource #0x10800e9 (res/drawable-xhdpi/btn_check_off_focused_holo_dark.png) that varies with configuration!!
W/Zygote  (  141): Preloaded drawable resource #0x10800e8 (res/drawable-xhdpi/btn_check_off_disabled_holo_light.png) that varies with configuration!!
W/Zygote  (  141): Preloaded drawable resource #0x10800e7 (res/drawable-xhdpi/btn_check_off_disabled_holo_dark.png) that varies with configuration!!
W/Zygote  (  141): Preloaded drawable resource #0x10800e6 (res/drawable-xhdpi/btn_check_off_disabled_focused_holo_light.png) that varies with configuration!!
W/Zygote  (  141): Preloaded drawable resource #0x10800e5 (res/drawable-xhdpi/btn_check_off_disabled_focused_holo_dark.png) that varies with configuration!!
W/Zygote  (  141): Preloaded drawable resource #0x10800e0 (res/drawable-xhdpi/btn_check_off_disable_focused.png) that varies with configuration!!
W/Zygote  (  141): Preloaded drawable resource #0x10800df (res/drawable-xhdpi/btn_check_off_disable.png) that varies with configuration!!
W/Zygote  (  141): Preloaded drawable resource #0x10800dd (res/drawable-xhdpi/btn_check_label_background.9.png) that varies with configuration!!
D/dalvikvm(  141): GC_EXPLICIT freed 41K, 12% free 2499K/2819K, paused 2ms+2ms
W/Zygote  (  141): Preloaded drawable resource #0x10800dc (res/drawable/btn_check_holo_light.xml) that varies with configuration!!
W/Zygote  (  141): Preloaded drawable resource #0x10800db (res/drawable/btn_check_holo_dark.xml) that varies with configuration!!
W/Zygote  (  141): Preloaded drawable resource #0x10800d8 (res/drawable/btn_check.xml) that varies with configuration!!
W/Zygote  (  141): Preloaded drawable resource #0x1080196 (res/drawable-xhdpi/btn_radio_on_selected.png) that varies with configuration!!
W/Zygote  (  141): Preloaded drawable resource #0x1080195 (res/drawable-xhdpi/btn_radio_on_pressed_holo_light.png) that varies with configuration!!
W/Zygote  (  141): Preloaded drawable resource #0x1080194 (res/drawable-xhdpi/btn_radio_on_pressed_holo_dark.png) that varies with configuration!!
W/Zygote  (  141): Preloaded drawable resource #0x1080193 (res/drawable-xhdpi/btn_radio_on_pressed.png) that varies with configuration!!
W/Zygote  (  141): Preloaded drawable resource #0x1080192 (res/drawable-xhdpi/btn_radio_on_holo_light.png) that varies with configuration!!
W/Zygote  (  141): Preloaded drawable resource #0x1080191 (res/drawable-xhdpi/btn_radio_on_holo_dark.png) that varies with configuration!!
W/Zygote  (  141): Preloaded drawable resource #0x108018f (res/drawable-xhdpi/btn_radio_on_focused_holo_light.png) that varies with configuration!!
W/Zygote  (  141): Preloaded drawable resource #0x108018e (res/drawable-xhdpi/btn_radio_on_focused_holo_dark.png) that varies with configuration!!
W/Zygote  (  141): Preloaded drawable resource #0x108018d (res/drawable-xhdpi/btn_radio_on_disabled_holo_light.png) that varies with configuration!!
W/Zygote  (  141): Preloaded drawable resource #0x108018c (res/drawable-xhdpi/btn_radio_on_disabled_holo_dark.png) that varies with configuration!!
W/Zygote  (  141): Preloaded drawable resource #0x108018b (res/drawable-xhdpi/btn_radio_on_disabled_focused_holo_light.png) that varies with configuration!!
W/Zygote  (  141): Preloaded drawable resource #0x108018a (res/drawable-xhdpi/btn_radio_on_disabled_focused_holo_dark.png) that varies with configuration!!
D/dalvikvm(  141): GC_EXPLICIT freed 40K, 11% free 2516K/2819K, paused 1ms+1ms
W/Zygote  (  141): Preloaded drawable resource #0x1080189 (res/drawable-xhdpi/btn_radio_on.png) that varies with configuration!!
W/Zygote  (  141): Preloaded drawable resource #0x1080188 (res/drawable-xhdpi/btn_radio_off_selected.png) that varies with configuration!!
W/Zygote  (  141): Preloaded drawable resource #0x1080187 (res/drawable-xhdpi/btn_radio_off_pressed_holo_light.png) that varies with configuration!!
W/Zygote  (  141): Preloaded drawable resource #0x1080186 (res/drawable-xhdpi/btn_radio_off_pressed_holo_dark.png) that varies with configuration!!
W/Zygote  (  141): Preloaded drawable resource #0x1080185 (res/drawable-xhdpi/btn_radio_off_pressed.png) that varies with configuration!!
W/Zygote  (  141): Preloaded drawable resource #0x1080184 (res/drawable-xhdpi/btn_radio_off_holo_light.png) that varies with configuration!!
W/Zygote  (  141): Preloaded drawable resource #0x1080183 (res/drawable-xhdpi/btn_radio_off_holo_dark.png) that varies with configuration!!
W/Zygote  (  141): Preloaded drawable resource #0x1080181 (res/drawable-xhdpi/btn_radio_off_focused_holo_light.png) that varies with configuration!!
W/Zygote  (  141): Preloaded drawable resource #0x1080180 (res/drawable-xhdpi/btn_radio_off_focused_holo_dark.png) that varies with configuration!!
W/Zygote  (  141): Preloaded drawable resource #0x108017f (res/drawable-xhdpi/btn_radio_off_disabled_holo_light.png) that varies with configuration!!
W/Zygote  (  141): Preloaded drawable resource #0x108017e (res/drawable-xhdpi/btn_radio_off_disabled_holo_dark.png) that varies with configuration!!
W/Zygote  (  141): Preloaded drawable resource #0x108017d (res/drawable-xhdpi/btn_radio_off_disabled_focused_holo_light.png) that varies with configuration!!
W/Zygote  (  141): Preloaded drawable resource #0x108017c (res/drawable-xhdpi/btn_radio_off_disabled_focused_holo_dark.png) that varies with configuration!!
W/Zygote  (  141): Preloaded drawable resource #0x108017a (res/drawable-xhdpi/btn_radio_label_background.9.png) that varies with configuration!!
W/Zygote  (  141): Preloaded drawable resource #0x1080009 (res/drawable/btn_radio.xml) that varies with configuration!!
